Here are the 3 guesses that I read:
[a][b][c][d][e]
(a)(b)(c)(d)(e)
abcde
