viable candidate: rebus
viable candidate: resus
viable candidate: rubes
viable candidate: rudes
viable candidate: ruers
viable candidate: rules
viable candidate: rumes
viable candidate: runes
viable candidate: ruses
