Here are the 4 guesses that I read:
st(a)[e](m)
(s)t[e](a)m
steam
[s](t)[e](a)[m]
