viable candidate: allod
viable candidate: allot
viable candidate: allow
viable candidate: alloy
viable candidate: lilos
viable candidate: lolog
viable candidate: molal
viable candidate: ollas
viable candidate: ollav
viable candidate: salol
viable candidate: tolyl
viable candidate: xylol
