viable candidate: aldol
viable candidate: local
viable candidate: loral
viable candidate: loyal
viable candidate: lysol
