printing every 1000th word from the list
word 0: aahed
word 1000: berth
word 2000: chuts
word 3000: doris
word 4000: fouds
word 5000: herns
word 6000: kutis
word 7000: mitis
word 8000: pases
word 9000: recon
word 10000: sider
word 11000: synod
word 12000: users
